[2026-03-21 12:14:14] =========================================
[2026-03-21 12:14:14] Daemon gestartet (PID 5844)
[2026-03-21 12:14:14] Intervall: 15 Minuten
[2026-03-21 12:14:14] Max Restarts: 50
[2026-03-21 12:14:14] =========================================
[2026-03-21 12:14:14] Start #1: python3 cockpit.py --scheduler

==================================================
   WEATHER OBSERVER
   Observer-only weather market analysis
==================================================
   2026-03-21 12:14:14

Scheduler Mode
  Interval: 15 minutes
  Started:  2026-03-21 12:14:14
  PID:      5868

Press Ctrl+C to stop


==================================================
Run #1 - 2026-03-21 12:14:14
==================================================

Observer Pipeline
----------------------------------------

[1/6] Collector: Maerkte abrufen ... OK (Fetched 500 markets, 429 weather candidates)
[2/6] Weather Observer: Analyse + Edge ... OK (Observed 16 markets, 2 with edge)
[3/6] Proposals: Edge -> Signale ... OK (Generated 2 proposals)
[4/6] Paper Trader: Trades simulieren ... OK (Entered: 0 | Addons: 0 | Edge-Rev: 0 | Closed: 0 | P&L: +0.00 EUR)
[5/6] Outcome Tracker: Kalibrierung ... OK (2 predictions recorded, 0 resolutions updated)
[6/6] Status schreiben ...[2026-03-21 13:02:44] =========================================
[2026-03-21 13:02:44] Daemon gestartet (PID 8749)
[2026-03-21 13:02:44] Intervall: 15 Minuten
[2026-03-21 13:02:44] Max Restarts: 50
[2026-03-21 13:02:44] =========================================
[2026-03-21 13:02:44] Start #1: python3 cockpit.py --scheduler

==================================================
   WEATHER OBSERVER
   Observer-only weather market analysis
==================================================
   2026-03-21 13:02:45

Scheduler Mode
  Interval: 15 minutes
  Started:  2026-03-21 13:02:45
  PID:      8774

Press Ctrl+C to stop


==================================================
Run #1 - 2026-03-21 13:02:45
==================================================

Observer Pipeline
----------------------------------------

[1/6] Collector: Maerkte abrufen ... OK (Fetched 500 markets, 429 weather candidates)
[2/6] Weather Observer: Analyse + Edge ... OK (Observed 18 markets, 1 with edge)
[3/6] Proposals: Edge -> Signale ... OK (Generated 1 proposals)
[4/6] Paper Trader: Trades simulieren ... OK (Entered: 0 | Addons: 0 | Edge-Rev: 0 | Closed: 0 | P&L: +0.00 EUR)
[5/6] Outcome Tracker: Kalibrierung ... OK (1 predictions recorded, 0 resolutions updated)
[6/6] Status schreiben ...[2026-03-21 14:56:17] =========================================
[2026-03-21 14:56:17] Daemon gestartet (PID 10031)
[2026-03-21 14:56:17] Intervall: 15 Minuten
[2026-03-21 14:56:17] Max Restarts: 50
[2026-03-21 14:56:17] =========================================
[2026-03-21 14:56:17] Start #1: python3 cockpit.py --scheduler

==================================================
   WEATHER OBSERVER
   Observer-only weather market analysis
==================================================
   2026-03-21 14:56:18

Scheduler Mode
  Interval: 15 minutes
  Started:  2026-03-21 14:56:18
  PID:      10055

Press Ctrl+C to stop


==================================================
Run #1 - 2026-03-21 14:56:18
==================================================

Observer Pipeline
----------------------------------------

[1/6] Collector: Maerkte abrufen ... OK (Fetched 500 markets, 429 weather candidates)
[2/6] Weather Observer: Analyse + Edge ...